2026-08-29 02:45:33.719: [INFO] CurrentProfilePath: D:\Desktop\SLMapsOverlay\bin\Debug\net10.0-windows\SLMapsOverlay.exe.WebView2\EBWebView\Default
2026-08-29 02:45:33.719: [INFO] Profiles total count: 1
2026-08-29 02:45:33.719: [INFO] Profile: name=用户配置 1 path=D:\Desktop\SLMapsOverlay\bin\Debug\net10.0-windows\SLMapsOverlay.exe.WebView2\EBWebView\Default lastActive=null
2026-08-29 02:45:33.719: [INFO] LastUsedProfileDir: D:\Desktop\SLMapsOverlay\bin\Debug\net10.0-windows\SLMapsOverlay.exe.WebView2\EBWebView\Default
2026-08-29 02:45:33.719: [INFO] OnDoneLoading sync enabled: 0
2026-08-29 02:45:33.719: [INFO] BookmarkModelLoaded, ids_reassigned: 0
2026-08-29 02:45:33.719: [INFO] BookmarksLoadDropped droppedNodes=0
2026-08-29 02:45:33.719: [INFO] BookmarksSnapshot Startup total=0 bar=0 other=0 mobile=0 showBar=0 showBarNTP=1
2026-08-29 02:50:46.643: [INFO] BookmarksSnapshot Shutdown total=0 bar=0 other=0 mobile=0 showBar=0 showBarNTP=1
2026-08-29 02:51:07.060: [INFO] CurrentProfilePath: D:\Desktop\SLMapsOverlay\bin\Debug\net10.0-windows\SLMapsOverlay.exe.WebView2\EBWebView\Default
2026-08-29 02:51:07.060: [INFO] Profiles total count: 1
2026-08-29 02:51:07.064: [INFO] Profile: name=用户配置 1 path=D:\Desktop\SLMapsOverlay\bin\Debug\net10.0-windows\SLMapsOverlay.exe.WebView2\EBWebView\Default lastActive=2026-08-29T02:50:46.420Z
2026-08-29 02:51:07.064: [INFO] LastUsedProfileDir: D:\Desktop\SLMapsOverlay\bin\Debug\net10.0-windows\SLMapsOverlay.exe.WebView2\EBWebView\Default
2026-08-29 02:51:07.064: [INFO] MostRecentlyActiveProfile: name=用户配置 1 path=D:\Desktop\SLMapsOverlay\bin\Debug\net10.0-windows\SLMapsOverlay.exe.WebView2\EBWebView\Default lastActive=2026-08-29T02:50:46.420Z
2026-08-29 02:51:07.064: [INFO] OnDoneLoading sync enabled: 0
2026-08-29 02:51:07.064: [INFO] BookmarkModelLoaded, ids_reassigned: 0
2026-08-29 02:51:07.064: [INFO] BookmarksLoadDropped droppedNodes=0
2026-08-29 02:51:07.064: [INFO] BookmarksSnapshot Startup total=0 bar=0 other=0 mobile=0 showBar=0 showBarNTP=1
2026-08-29 02:53:23.206: [INFO] BookmarksSnapshot Shutdown total=0 bar=0 other=0 mobile=0 showBar=0 showBarNTP=1
2026-08-29 02:56:44.413: [INFO] CurrentProfilePath: D:\Desktop\SLMapsOverlay\bin\Debug\net10.0-windows\SLMapsOverlay.exe.WebView2\EBWebView\Default
2026-08-29 02:56:44.413: [INFO] Profiles total count: 1
2026-08-29 02:56:44.417: [INFO] Profile: name=用户配置 1 path=D:\Desktop\SLMapsOverlay\bin\Debug\net10.0-windows\SLMapsOverlay.exe.WebView2\EBWebView\Default lastActive=2026-08-29T02:53:23.022Z
2026-08-29 02:56:44.417: [INFO] LastUsedProfileDir: D:\Desktop\SLMapsOverlay\bin\Debug\net10.0-windows\SLMapsOverlay.exe.WebView2\EBWebView\Default
2026-08-29 02:56:44.417: [INFO] MostRecentlyActiveProfile: name=用户配置 1 path=D:\Desktop\SLMapsOverlay\bin\Debug\net10.0-windows\SLMapsOverlay.exe.WebView2\EBWebView\Default lastActive=2026-08-29T02:53:23.022Z
2026-08-29 02:56:44.417: [INFO] OnDoneLoading sync enabled: 0
2026-08-29 02:56:44.417: [INFO] BookmarkModelLoaded, ids_reassigned: 0
2026-08-29 02:56:44.417: [INFO] BookmarksLoadDropped droppedNodes=0
2026-08-29 02:56:44.417: [INFO] BookmarksSnapshot Startup total=0 bar=0 other=0 mobile=0 showBar=0 showBarNTP=1
2026-08-29 02:57:21.906: [INFO] BookmarksSnapshot Shutdown total=0 bar=0 other=0 mobile=0 showBar=0 showBarNTP=1
2026-08-29 03:23:06.540: [INFO] CurrentProfilePath: D:\Desktop\SLMapsOverlay\bin\Debug\net10.0-windows\SLMapsOverlay.exe.WebView2\EBWebView\Default
2026-08-29 03:23:06.540: [INFO] Profiles total count: 1
2026-08-29 03:23:06.540: [INFO] Profile: name=用户配置 1 path=D:\Desktop\SLMapsOverlay\bin\Debug\net10.0-windows\SLMapsOverlay.exe.WebView2\EBWebView\Default lastActive=2026-08-29T02:56:58.793Z
2026-08-29 03:23:06.540: [INFO] LastUsedProfileDir: D:\Desktop\SLMapsOverlay\bin\Debug\net10.0-windows\SLMapsOverlay.exe.WebView2\EBWebView\Default
2026-08-29 03:23:06.540: [INFO] MostRecentlyActiveProfile: name=用户配置 1 path=D:\Desktop\SLMapsOverlay\bin\Debug\net10.0-windows\SLMapsOverlay.exe.WebView2\EBWebView\Default lastActive=2026-08-29T02:56:58.793Z
2026-08-29 03:23:06.540: [INFO] OnDoneLoading sync enabled: 0
2026-08-29 03:23:06.540: [INFO] BookmarkModelLoaded, ids_reassigned: 0
2026-08-29 03:23:06.540: [INFO] BookmarksLoadDropped droppedNodes=0
2026-08-29 03:23:06.540: [INFO] BookmarksSnapshot Startup total=0 bar=0 other=0 mobile=0 showBar=0 showBarNTP=1
2026-08-29 03:23:28.784: [INFO] BookmarksSnapshot Shutdown total=0 bar=0 other=0 mobile=0 showBar=0 showBarNTP=1
